
Memory Configuration

Name             Origin             Length             Attributes
FLASH            0x08000000         0x00008000         xr
RAM              0x20000000         0x00002800         xrw
*default*        0x00000000         0xffffffff

Linker script and memory map

LOAD out/main.o
LOAD out/function.o
LOAD out/system_stm32f10x.o
LOAD out/startup_stm32f10x.o
                0x20002800                _estack = (ORIGIN (RAM) + LENGTH (RAM))

.isr_vector     0x08000000       0xec
 *(.isr_vector)
 .isr_vector    0x08000000       0xec out/startup_stm32f10x.o
                0x08000000                g_pfnVectors

.text           0x080000ec      0x4d8
 *(.text*)
 .text          0x080000ec      0x1ec out/main.o
                0x080000ec                idle_task
                0x080000f0                task1
                0x08000130                task2
                0x08000170                get_psp_value
                0x08000180                switch_sp_to_psp
                0x08000198                save_psp_value
                0x080001a8                update_next_task
                0x080001f0                PendSV_Handler
                0x08000214                init_task_stack
                0x0800029c                SysTick_Handler
 .text.startup  0x080002d8       0x6c out/main.o
                0x080002d8                main
 .text          0x08000344       0x84 out/function.o
                0x08000344                schedule
                0x08000354                task_delay
                0x08000384                init_mainstack
                0x08000390                enable_fault
                0x080003b0                init_systick
 .text          0x080003c8      0x158 out/system_stm32f10x.o
                0x080003c8                SystemInit
                0x080004c8                SystemCoreClockUpdate
 .text          0x08000520        0x0 out/startup_stm32f10x.o
 .text.Reset_Handler
                0x08000520       0x44 out/startup_stm32f10x.o
                0x08000520                Reset_Handler
 .text.Default_Handler
                0x08000564       0x60 out/startup_stm32f10x.o
                0x08000566                NMI_Handler
                0x08000568                HardFault_Handler
                0x0800056a                MemManage_Handler
                0x0800056c                BusFault_Handler
                0x0800056e                UsageFault_Handler
                0x08000570                SVC_Handler
                0x08000572                DebugMon_Handler
                0x08000578                WWDG_IRQHandler
                0x0800057a                PVD_IRQHandler
                0x0800057c                TAMPER_IRQHandler
                0x0800057e                RTC_IRQHandler
                0x08000580                FLASH_IRQHandler
                0x08000582                RCC_IRQHandler
                0x08000584                EXTI0_IRQHandler
                0x08000586                EXTI1_IRQHandler
                0x08000588                EXTI2_IRQHandler
                0x0800058a                EXTI3_IRQHandler
                0x0800058c                EXTI4_IRQHandler
                0x0800058e                DMA1_Channel1_IRQHandler
                0x08000590                DMA1_Channel2_IRQHandler
                0x08000592                DMA1_Channel3_IRQHandler
                0x08000594                DMA1_Channel4_IRQHandler
                0x08000596                DMA1_Channel5_IRQHandler
                0x08000598                DMA1_Channel6_IRQHandler
                0x0800059a                DMA1_Channel7_IRQHandler
                0x0800059c                ADC1_2_IRQHandler
                0x0800059e                USB_HP_CAN1_TX_IRQHandler
                0x080005a0                USB_LP_CAN1_RX0_IRQHandler
                0x080005a2                CAN1_RX1_IRQHandler
                0x080005a4                CAN1_SCE_IRQHandler
                0x080005a6                EXTI9_5_IRQHandler
                0x080005a8                TIM1_BRK_IRQHandler
                0x080005aa                TIM1_UP_IRQHandler
                0x080005ac                TIM1_TRG_COM_IRQHandler
                0x080005ae                TIM1_CC_IRQHandler
                0x080005b0                TIM2_IRQHandler
                0x080005b2                TIM3_IRQHandler
                0x080005b4                I2C1_EV_IRQHandler
                0x080005b6                I2C1_ER_IRQHandler
                0x080005b8                SPI1_IRQHandler
                0x080005ba                USART1_IRQHandler
                0x080005bc                USART2_IRQHandler
                0x080005be                EXTI15_10_IRQHandler
                0x080005c0                RTCAlarm_IRQHandler
                0x080005c2                USBWakeUp_IRQHandler
 *(.rodata*)
 *(.glue_7)
 .glue_7        0x080005c4        0x0 linker stubs
 *(.glue_7t)
 .glue_7t       0x080005c4        0x0 linker stubs
                0x080005c4                _etext = .

.vfp11_veneer   0x080005c4        0x0
 .vfp11_veneer  0x080005c4        0x0 linker stubs

.v4_bx          0x080005c4        0x0
 .v4_bx         0x080005c4        0x0 linker stubs

.iplt           0x080005c4        0x0
 .iplt          0x080005c4        0x0 out/main.o

.rel.dyn        0x080005c4        0x0
 .rel.iplt      0x080005c4        0x0 out/main.o

.data           0x20000000       0x14 load address 0x080005c4
                0x20000000                _sdata = .
 *(.data*)
 .data          0x20000000        0x0 out/main.o
 .data          0x20000000        0x0 out/function.o
 .data          0x20000000       0x14 out/system_stm32f10x.o
                0x20000000                AHBPrescTable
                0x20000010                SystemCoreClock
 .data          0x20000014        0x0 out/startup_stm32f10x.o
 *(.data.*)
                0x20000014                _edata = .
                0x080005c4                _sidata = LOADADDR (.data)

.igot.plt       0x20000014        0x0 load address 0x080005d8
 .igot.plt      0x20000014        0x0 out/main.o

.bss            0x20000014       0x38 load address 0x080005d8
                0x20000014                _sbss = .
 *(.bss*)
 .bss           0x20000014       0x38 out/main.o
 .bss           0x2000004c        0x0 out/function.o
 .bss           0x2000004c        0x0 out/system_stm32f10x.o
 .bss           0x2000004c        0x0 out/startup_stm32f10x.o
 *(COMMON)
                0x2000004c                _ebss = .
OUTPUT(out/RTOS.elf elf32-littlearm)
LOAD linker stubs

.comment        0x00000000       0x49
 .comment       0x00000000       0x49 out/main.o
                                 0x4a (size before relaxing)
 .comment       0x00000049       0x4a out/function.o
 .comment       0x00000049       0x4a out/system_stm32f10x.o

.ARM.attributes
                0x00000000       0x2b
 .ARM.attributes
                0x00000000       0x2d out/main.o
 .ARM.attributes
                0x0000002d       0x2d out/function.o
 .ARM.attributes
                0x0000005a       0x2d out/system_stm32f10x.o
 .ARM.attributes
                0x00000087       0x21 out/startup_stm32f10x.o
