Archive member included to satisfy reference by file (symbol)

c:/program files (x86)/gnu arm embedded toolchain/10 2021.10/bin/../lib/gcc/arm-none-eabi/10.3.1/../../../../arm-none-eabi/lib\libc_nano.a(lib_a-errno.o)
                              out/syscalls.o (__errno)
c:/program files (x86)/gnu arm embedded toolchain/10 2021.10/bin/../lib/gcc/arm-none-eabi/10.3.1/../../../../arm-none-eabi/lib\libc_nano.a(lib_a-exit.o)
                              c:/program files (x86)/gnu arm embedded toolchain/10 2021.10/bin/../lib/gcc/arm-none-eabi/10.3.1/../../../../arm-none-eabi/lib/crt0.o (exit)
c:/program files (x86)/gnu arm embedded toolchain/10 2021.10/bin/../lib/gcc/arm-none-eabi/10.3.1/../../../../arm-none-eabi/lib\libc_nano.a(lib_a-impure.o)
                              c:/program files (x86)/gnu arm embedded toolchain/10 2021.10/bin/../lib/gcc/arm-none-eabi/10.3.1/../../../../arm-none-eabi/lib\libc_nano.a(lib_a-exit.o) (_global_impure_ptr)
c:/program files (x86)/gnu arm embedded toolchain/10 2021.10/bin/../lib/gcc/arm-none-eabi/10.3.1/../../../../arm-none-eabi/lib\libc_nano.a(lib_a-init.o)
                              c:/program files (x86)/gnu arm embedded toolchain/10 2021.10/bin/../lib/gcc/arm-none-eabi/10.3.1/../../../../arm-none-eabi/lib/crt0.o (__libc_init_array)
c:/program files (x86)/gnu arm embedded toolchain/10 2021.10/bin/../lib/gcc/arm-none-eabi/10.3.1/../../../../arm-none-eabi/lib\libc_nano.a(lib_a-memset.o)
                              c:/program files (x86)/gnu arm embedded toolchain/10 2021.10/bin/../lib/gcc/arm-none-eabi/10.3.1/../../../../arm-none-eabi/lib/crt0.o (memset)

Memory Configuration

Name             Origin             Length             Attributes
FLASH            0x08000000         0x00008000         xr
RAM              0x20000000         0x00002800         xrw
*default*        0x00000000         0xffffffff

Linker script and memory map

LOAD c:/program files (x86)/gnu arm embedded toolchain/10 2021.10/bin/../lib/gcc/arm-none-eabi/10.3.1/crti.o
LOAD c:/program files (x86)/gnu arm embedded toolchain/10 2021.10/bin/../lib/gcc/arm-none-eabi/10.3.1/crtbegin.o
LOAD c:/program files (x86)/gnu arm embedded toolchain/10 2021.10/bin/../lib/gcc/arm-none-eabi/10.3.1/../../../../arm-none-eabi/lib/crt0.o
LOAD out/main.o
LOAD out/function.o
LOAD out/system_stm32f10x.o
LOAD out/startup_stm32f10x.o
LOAD out/syscalls.o
START GROUP
LOAD c:/program files (x86)/gnu arm embedded toolchain/10 2021.10/bin/../lib/gcc/arm-none-eabi/10.3.1\libgcc.a
LOAD c:/program files (x86)/gnu arm embedded toolchain/10 2021.10/bin/../lib/gcc/arm-none-eabi/10.3.1/../../../../arm-none-eabi/lib\libc_nano.a
END GROUP
START GROUP
LOAD c:/program files (x86)/gnu arm embedded toolchain/10 2021.10/bin/../lib/gcc/arm-none-eabi/10.3.1\libgcc.a
LOAD c:/program files (x86)/gnu arm embedded toolchain/10 2021.10/bin/../lib/gcc/arm-none-eabi/10.3.1/../../../../arm-none-eabi/lib\libc_nano.a
END GROUP
LOAD c:/program files (x86)/gnu arm embedded toolchain/10 2021.10/bin/../lib/gcc/arm-none-eabi/10.3.1/crtend.o
LOAD c:/program files (x86)/gnu arm embedded toolchain/10 2021.10/bin/../lib/gcc/arm-none-eabi/10.3.1/crtn.o

.isr_vector     0x08000000      0x130
 *(.isr_vector)
 .isr_vector    0x08000000      0x130 out/startup_stm32f10x.o
                0x08000000                vector_table

.text           0x08000130      0x8dc
 *(.text*)
 .text          0x08000130        0x0 c:/program files (x86)/gnu arm embedded toolchain/10 2021.10/bin/../lib/gcc/arm-none-eabi/10.3.1/crti.o
 .text          0x08000130       0x70 c:/program files (x86)/gnu arm embedded toolchain/10 2021.10/bin/../lib/gcc/arm-none-eabi/10.3.1/crtbegin.o
 .text          0x080001a0      0x138 c:/program files (x86)/gnu arm embedded toolchain/10 2021.10/bin/../lib/gcc/arm-none-eabi/10.3.1/../../../../arm-none-eabi/lib/crt0.o
                0x080001a0                _stack_init
                0x08000228                _start
                0x08000228                _mainCRTStartup
 .text          0x080002d8      0x1ec out/main.o
                0x080002d8                idle_task
                0x080002dc                task1
                0x0800031c                task2
                0x0800035c                get_psp_value
                0x0800036c                switch_sp_to_psp
                0x08000384                save_psp_value
                0x08000394                update_next_task
                0x080003dc                PendSV_Handler
                0x08000400                init_task_stack
                0x08000488                SysTick_Handler
 .text.startup  0x080004c4       0x6c out/main.o
                0x080004c4                main
 .text          0x08000530       0x84 out/function.o
                0x08000530                schedule
                0x08000540                task_delay
                0x08000570                init_mainstack
                0x0800057c                enable_fault
                0x0800059c                init_systick
 .text          0x080005b4      0x158 out/system_stm32f10x.o
                0x080005b4                SystemInit
                0x080006b4                SystemCoreClockUpdate
 .text          0x0800070c       0x90 out/startup_stm32f10x.o
                0x0800070c                Reset_Handler
                0x08000794                EXTI2_IRQHandler
                0x08000794                TIM8_TRG_COM_IRQHandler
                0x08000794                TIM8_CC_IRQHandler
                0x08000794                DebugMon_Handler
                0x08000794                TIM1_CC_IRQHandler
                0x08000794                USB_LP_CAN1_RX1_IRQHandler
                0x08000794                HardFault_Handler
                0x08000794                TIM6_IRQHandler
                0x08000794                PVD_IRQHandler
                0x08000794                SDIO_IRQHandler
                0x08000794                NMI_Handler
                0x08000794                EXTI3_IRQHandler
                0x08000794                EXTI0_IRQHandler
                0x08000794                I2C2_EV_IRQHandler
                0x08000794                UsageFault_Handler
                0x08000794                ADC1_2_IRQHandler
                0x08000794                SPI1_IRQHandler
                0x08000794                TAMPER_IRQHandler
                0x08000794                TIM8_UP_IRQHandler
                0x08000794                DMA2_Channel2_IRQHandler
                0x08000794                DMA1_Channel4_IRQHandler
                0x08000794                USART3_IRQHandler
                0x08000794                RTC_IRQHandler
                0x08000794                DMA1_Channel7_IRQHandler
                0x08000794                RTC_Alarm_IRQHandler
                0x08000794                UART5_IRQHandler
                0x08000794                ADC3_IRQHandler
                0x08000794                TIM4_IRQHandler
                0x08000794                DMA2_Channel1_IRQHandler
                0x08000794                I2C1_EV_IRQHandler
                0x08000794                DMA1_Channel6_IRQHandler
                0x08000794                UART4_IRQHandler
                0x08000794                TIM3_IRQHandler
                0x08000794                RCC_IRQHandler
                0x08000794                TIM1_TRG_COM_IRQHandler
                0x08000794                DMA1_Channel1_IRQHandler
                0x08000794                Default_Handler
                0x08000794                EXTI15_10_IRQHandler
                0x08000794                TIM7_IRQHandler
                0x08000794                TIM5_IRQHandler
                0x08000794                EXTI9_5_IRQHandler
                0x08000794                SPI2_IRQHandler
                0x08000794                MemManage_Handler
                0x08000794                SVC_Handler
                0x08000794                DMA1_Channel5_IRQHandler
                0x08000794                EXTI4_IRQHandler
                0x08000794                USB_LP_CAN1_RX0_IRQHandler
                0x08000794                USB_HP_CAN1_TX_IRQHandler
                0x08000794                DMA1_Channel3_IRQHandler
                0x08000794                FSMC_IRQHandler
                0x08000794                TIM1_UP_IRQHandler
                0x08000794                WWDG_IRQHandler
                0x08000794                TIM2_IRQHandler
                0x08000794                TIM1_BRK_IRQHandler
                0x08000794                EXTI1_IRQHandler
                0x08000794                DMA2_Channel4_5_IRQHandler
                0x08000794                USART2_IRQHandler
                0x08000794                I2C2_ER_IRQHandler
                0x08000794                DMA1_Channel2_IRQHandler
                0x08000794                TIM8_BRK_IRQHandler
                0x08000794                CAN1_SCE_IRQHandler
                0x08000794                FLASH_IRQHandler
                0x08000794                BusFault_Handler
                0x08000794                USART1_IRQHandler
                0x08000794                SPI3_IRQHandler
                0x08000794                I2C1_ER_IRQHandler
                0x08000794                USBWakeUp_IRQHandler
                0x08000794                DMA2_Channel3_IRQHandler
 .text          0x0800079c      0x13c out/syscalls.o
                0x0800079c                initialise_monitor_handles
                0x080007a0                _getpid
                0x080007a4                _kill
                0x080007b8                _exit
                0x080007c4                _read
                0x080007e0                _write
                0x080007fc                _close
                0x08000804                _fstat
                0x08000810                _isatty
                0x08000814                _lseek
                0x08000818                _open
                0x08000824                _wait
                0x08000838                _unlink
                0x0800084c                _times
                0x08000854                _stat
                0x08000860                _link
                0x08000874                _fork
                0x08000888                _execve
                0x0800089c                _sbrk
 .text          0x080008d8        0x0 c:/program files (x86)/gnu arm embedded toolchain/10 2021.10/bin/../lib/gcc/arm-none-eabi/10.3.1/../../../../arm-none-eabi/lib\libc_nano.a(lib_a-errno.o)
 .text.__errno  0x080008d8       0x10 c:/program files (x86)/gnu arm embedded toolchain/10 2021.10/bin/../lib/gcc/arm-none-eabi/10.3.1/../../../../arm-none-eabi/lib\libc_nano.a(lib_a-errno.o)
                0x080008d8                __errno
 .text          0x080008e8        0x0 c:/program files (x86)/gnu arm embedded toolchain/10 2021.10/bin/../lib/gcc/arm-none-eabi/10.3.1/../../../../arm-none-eabi/lib\libc_nano.a(lib_a-exit.o)
 .text.exit     0x080008e8       0x40 c:/program files (x86)/gnu arm embedded toolchain/10 2021.10/bin/../lib/gcc/arm-none-eabi/10.3.1/../../../../arm-none-eabi/lib\libc_nano.a(lib_a-exit.o)
                0x080008e8                exit
 .text          0x08000928        0x0 c:/program files (x86)/gnu arm embedded toolchain/10 2021.10/bin/../lib/gcc/arm-none-eabi/10.3.1/../../../../arm-none-eabi/lib\libc_nano.a(lib_a-impure.o)
 .text          0x08000928        0x0 c:/program files (x86)/gnu arm embedded toolchain/10 2021.10/bin/../lib/gcc/arm-none-eabi/10.3.1/../../../../arm-none-eabi/lib\libc_nano.a(lib_a-init.o)
 .text.__libc_init_array
                0x08000928       0x80 c:/program files (x86)/gnu arm embedded toolchain/10 2021.10/bin/../lib/gcc/arm-none-eabi/10.3.1/../../../../arm-none-eabi/lib\libc_nano.a(lib_a-init.o)
                0x08000928                __libc_init_array
 .text          0x080009a8        0x0 c:/program files (x86)/gnu arm embedded toolchain/10 2021.10/bin/../lib/gcc/arm-none-eabi/10.3.1/../../../../arm-none-eabi/lib\libc_nano.a(lib_a-memset.o)
 .text.memset   0x080009a8       0x18 c:/program files (x86)/gnu arm embedded toolchain/10 2021.10/bin/../lib/gcc/arm-none-eabi/10.3.1/../../../../arm-none-eabi/lib\libc_nano.a(lib_a-memset.o)
                0x080009a8                memset
 .text          0x080009c0        0x0 c:/program files (x86)/gnu arm embedded toolchain/10 2021.10/bin/../lib/gcc/arm-none-eabi/10.3.1/crtend.o
 .text          0x080009c0        0x0 c:/program files (x86)/gnu arm embedded toolchain/10 2021.10/bin/../lib/gcc/arm-none-eabi/10.3.1/crtn.o
 *(.rodata*)
 .rodata        0x080009c0       0x24 c:/program files (x86)/gnu arm embedded toolchain/10 2021.10/bin/../lib/gcc/arm-none-eabi/10.3.1/crtbegin.o
 .rodata._global_impure_ptr
                0x080009e4        0x4 c:/program files (x86)/gnu arm embedded toolchain/10 2021.10/bin/../lib/gcc/arm-none-eabi/10.3.1/../../../../arm-none-eabi/lib\libc_nano.a(lib_a-impure.o)
                0x080009e4                _global_impure_ptr
 .rodata        0x080009e8       0x24 c:/program files (x86)/gnu arm embedded toolchain/10 2021.10/bin/../lib/gcc/arm-none-eabi/10.3.1/crtend.o
 *(.glue_7)
 .glue_7        0x08000a0c        0x0 linker stubs
 *(.glue_7t)
 .glue_7t       0x08000a0c        0x0 linker stubs
                0x08000a0c                . = ALIGN (0x4)
                0x08000a0c                _etext = .

.vfp11_veneer   0x08000a0c        0x0
 .vfp11_veneer  0x08000a0c        0x0 linker stubs

.v4_bx          0x08000a0c        0x0
 .v4_bx         0x08000a0c        0x0 linker stubs

.init           0x08000a0c       0x18
 .init          0x08000a0c        0xc c:/program files (x86)/gnu arm embedded toolchain/10 2021.10/bin/../lib/gcc/arm-none-eabi/10.3.1/crti.o
                0x08000a0c                _init
 .init          0x08000a18        0xc c:/program files (x86)/gnu arm embedded toolchain/10 2021.10/bin/../lib/gcc/arm-none-eabi/10.3.1/crtn.o

.fini           0x08000a24       0x18
 .fini          0x08000a24        0xc c:/program files (x86)/gnu arm embedded toolchain/10 2021.10/bin/../lib/gcc/arm-none-eabi/10.3.1/crti.o
                0x08000a24                _fini
 .fini          0x08000a30        0xc c:/program files (x86)/gnu arm embedded toolchain/10 2021.10/bin/../lib/gcc/arm-none-eabi/10.3.1/crtn.o

.iplt           0x08000a3c        0x0
 .iplt          0x08000a3c        0x0 c:/program files (x86)/gnu arm embedded toolchain/10 2021.10/bin/../lib/gcc/arm-none-eabi/10.3.1/crtbegin.o

.eh_frame       0x08000a3c        0x4
 .eh_frame      0x08000a3c        0x0 c:/program files (x86)/gnu arm embedded toolchain/10 2021.10/bin/../lib/gcc/arm-none-eabi/10.3.1/crtbegin.o
 .eh_frame      0x08000a3c        0x4 c:/program files (x86)/gnu arm embedded toolchain/10 2021.10/bin/../lib/gcc/arm-none-eabi/10.3.1/crtend.o

.ARM.extab      0x08000a40        0x0
 .ARM.extab     0x08000a40        0x0 c:/program files (x86)/gnu arm embedded toolchain/10 2021.10/bin/../lib/gcc/arm-none-eabi/10.3.1/../../../../arm-none-eabi/lib/crt0.o

.ARM.exidx      0x08000a40        0x8
 .ARM.exidx     0x08000a40        0x8 c:/program files (x86)/gnu arm embedded toolchain/10 2021.10/bin/../lib/gcc/arm-none-eabi/10.3.1/../../../../arm-none-eabi/lib/crt0.o
                                 0x10 (size before relaxing)

.rel.dyn        0x08000a48        0x0
 .rel.iplt      0x08000a48        0x0 c:/program files (x86)/gnu arm embedded toolchain/10 2021.10/bin/../lib/gcc/arm-none-eabi/10.3.1/crtbegin.o

.data           0x20000000       0x80 load address 0x08000a48
                0x20000000                _sdata = .
 *(.data*)
 .data          0x20000000        0x0 c:/program files (x86)/gnu arm embedded toolchain/10 2021.10/bin/../lib/gcc/arm-none-eabi/10.3.1/crti.o
 .data          0x20000000        0x4 c:/program files (x86)/gnu arm embedded toolchain/10 2021.10/bin/../lib/gcc/arm-none-eabi/10.3.1/crtbegin.o
                0x20000000                __dso_handle
 .data          0x20000004        0x0 c:/program files (x86)/gnu arm embedded toolchain/10 2021.10/bin/../lib/gcc/arm-none-eabi/10.3.1/../../../../arm-none-eabi/lib/crt0.o
 .data          0x20000004        0x0 out/main.o
 .data          0x20000004        0x0 out/function.o
 .data          0x20000004       0x14 out/system_stm32f10x.o
                0x20000004                AHBPrescTable
                0x20000014                SystemCoreClock
 .data          0x20000018        0x0 out/startup_stm32f10x.o
 .data          0x20000018        0x4 out/syscalls.o
                0x20000018                environ
 .data          0x2000001c        0x0 c:/program files (x86)/gnu arm embedded toolchain/10 2021.10/bin/../lib/gcc/arm-none-eabi/10.3.1/../../../../arm-none-eabi/lib\libc_nano.a(lib_a-errno.o)
 .data          0x2000001c        0x0 c:/program files (x86)/gnu arm embedded toolchain/10 2021.10/bin/../lib/gcc/arm-none-eabi/10.3.1/../../../../arm-none-eabi/lib\libc_nano.a(lib_a-exit.o)
 .data          0x2000001c        0x0 c:/program files (x86)/gnu arm embedded toolchain/10 2021.10/bin/../lib/gcc/arm-none-eabi/10.3.1/../../../../arm-none-eabi/lib\libc_nano.a(lib_a-impure.o)
 .data._impure_ptr
                0x2000001c        0x4 c:/program files (x86)/gnu arm embedded toolchain/10 2021.10/bin/../lib/gcc/arm-none-eabi/10.3.1/../../../../arm-none-eabi/lib\libc_nano.a(lib_a-impure.o)
                0x2000001c                _impure_ptr
 .data.impure_data
                0x20000020       0x60 c:/program files (x86)/gnu arm embedded toolchain/10 2021.10/bin/../lib/gcc/arm-none-eabi/10.3.1/../../../../arm-none-eabi/lib\libc_nano.a(lib_a-impure.o)
 .data          0x20000080        0x0 c:/program files (x86)/gnu arm embedded toolchain/10 2021.10/bin/../lib/gcc/arm-none-eabi/10.3.1/../../../../arm-none-eabi/lib\libc_nano.a(lib_a-init.o)
 .data          0x20000080        0x0 c:/program files (x86)/gnu arm embedded toolchain/10 2021.10/bin/../lib/gcc/arm-none-eabi/10.3.1/../../../../arm-none-eabi/lib\libc_nano.a(lib_a-memset.o)
 .data          0x20000080        0x0 c:/program files (x86)/gnu arm embedded toolchain/10 2021.10/bin/../lib/gcc/arm-none-eabi/10.3.1/crtend.o
 .data          0x20000080        0x0 c:/program files (x86)/gnu arm embedded toolchain/10 2021.10/bin/../lib/gcc/arm-none-eabi/10.3.1/crtn.o
 *(.data.*)
                0x20000080                . = ALIGN (0x4)
                0x20000080                _edata = .

.init_array     0x20000080        0x4 load address 0x08000ac8
 .init_array    0x20000080        0x4 c:/program files (x86)/gnu arm embedded toolchain/10 2021.10/bin/../lib/gcc/arm-none-eabi/10.3.1/crtbegin.o

.fini_array     0x20000084        0x4 load address 0x08000acc
 .fini_array    0x20000084        0x4 c:/program files (x86)/gnu arm embedded toolchain/10 2021.10/bin/../lib/gcc/arm-none-eabi/10.3.1/crtbegin.o

.igot.plt       0x20000088        0x0 load address 0x08000ad0
 .igot.plt      0x20000088        0x0 c:/program files (x86)/gnu arm embedded toolchain/10 2021.10/bin/../lib/gcc/arm-none-eabi/10.3.1/crtbegin.o

.bss            0x20000088       0x5c load address 0x08000ad0
                0x20000088                _sbss = .
                0x20000088                __bss_start__ = _sbss
 *(.bss*)
 .bss           0x20000088        0x0 c:/program files (x86)/gnu arm embedded toolchain/10 2021.10/bin/../lib/gcc/arm-none-eabi/10.3.1/crti.o
 .bss           0x20000088       0x1c c:/program files (x86)/gnu arm embedded toolchain/10 2021.10/bin/../lib/gcc/arm-none-eabi/10.3.1/crtbegin.o
 .bss           0x200000a4        0x0 c:/program files (x86)/gnu arm embedded toolchain/10 2021.10/bin/../lib/gcc/arm-none-eabi/10.3.1/../../../../arm-none-eabi/lib/crt0.o
 .bss           0x200000a4       0x38 out/main.o
 .bss           0x200000dc        0x0 out/function.o
 .bss           0x200000dc        0x0 out/system_stm32f10x.o
 .bss           0x200000dc        0x0 out/startup_stm32f10x.o
 .bss           0x200000dc        0x8 out/syscalls.o
                0x200000e0                __env
 .bss           0x200000e4        0x0 c:/program files (x86)/gnu arm embedded toolchain/10 2021.10/bin/../lib/gcc/arm-none-eabi/10.3.1/../../../../arm-none-eabi/lib\libc_nano.a(lib_a-errno.o)
 .bss           0x200000e4        0x0 c:/program files (x86)/gnu arm embedded toolchain/10 2021.10/bin/../lib/gcc/arm-none-eabi/10.3.1/../../../../arm-none-eabi/lib\libc_nano.a(lib_a-exit.o)
 .bss           0x200000e4        0x0 c:/program files (x86)/gnu arm embedded toolchain/10 2021.10/bin/../lib/gcc/arm-none-eabi/10.3.1/../../../../arm-none-eabi/lib\libc_nano.a(lib_a-impure.o)
 .bss           0x200000e4        0x0 c:/program files (x86)/gnu arm embedded toolchain/10 2021.10/bin/../lib/gcc/arm-none-eabi/10.3.1/../../../../arm-none-eabi/lib\libc_nano.a(lib_a-init.o)
 .bss           0x200000e4        0x0 c:/program files (x86)/gnu arm embedded toolchain/10 2021.10/bin/../lib/gcc/arm-none-eabi/10.3.1/../../../../arm-none-eabi/lib\libc_nano.a(lib_a-memset.o)
 .bss           0x200000e4        0x0 c:/program files (x86)/gnu arm embedded toolchain/10 2021.10/bin/../lib/gcc/arm-none-eabi/10.3.1/crtend.o
 .bss           0x200000e4        0x0 c:/program files (x86)/gnu arm embedded toolchain/10 2021.10/bin/../lib/gcc/arm-none-eabi/10.3.1/crtn.o
 *(COMMON)
                0x200000e4                . = ALIGN (0x4)
                0x200000e4                _ebss = .
                0x200000e4                __bss_end__ = _ebss
                0x200000e4                . = ALIGN (0x4)
                0x200000e4                end = .
OUTPUT(out/RTOS.elf elf32-littlearm)
LOAD linker stubs

.ARM.attributes
                0x00000000       0x2b
 .ARM.attributes
                0x00000000       0x1c c:/program files (x86)/gnu arm embedded toolchain/10 2021.10/bin/../lib/gcc/arm-none-eabi/10.3.1/crti.o
 .ARM.attributes
                0x0000001c       0x2a c:/program files (x86)/gnu arm embedded toolchain/10 2021.10/bin/../lib/gcc/arm-none-eabi/10.3.1/crtbegin.o
 .ARM.attributes
                0x00000046       0x1a c:/program files (x86)/gnu arm embedded toolchain/10 2021.10/bin/../lib/gcc/arm-none-eabi/10.3.1/../../../../arm-none-eabi/lib/crt0.o
 .ARM.attributes
                0x00000060       0x2d out/main.o
 .ARM.attributes
                0x0000008d       0x2d out/function.o
 .ARM.attributes
                0x000000ba       0x2d out/system_stm32f10x.o
 .ARM.attributes
                0x000000e7       0x2d out/startup_stm32f10x.o
 .ARM.attributes
                0x00000114       0x2d out/syscalls.o
 .ARM.attributes
                0x00000141       0x2a c:/program files (x86)/gnu arm embedded toolchain/10 2021.10/bin/../lib/gcc/arm-none-eabi/10.3.1/../../../../arm-none-eabi/lib\libc_nano.a(lib_a-errno.o)
 .ARM.attributes
                0x0000016b       0x2a c:/program files (x86)/gnu arm embedded toolchain/10 2021.10/bin/../lib/gcc/arm-none-eabi/10.3.1/../../../../arm-none-eabi/lib\libc_nano.a(lib_a-exit.o)
 .ARM.attributes
                0x00000195       0x2a c:/program files (x86)/gnu arm embedded toolchain/10 2021.10/bin/../lib/gcc/arm-none-eabi/10.3.1/../../../../arm-none-eabi/lib\libc_nano.a(lib_a-impure.o)
 .ARM.attributes
                0x000001bf       0x2a c:/program files (x86)/gnu arm embedded toolchain/10 2021.10/bin/../lib/gcc/arm-none-eabi/10.3.1/../../../../arm-none-eabi/lib\libc_nano.a(lib_a-init.o)
 .ARM.attributes
                0x000001e9       0x2a c:/program files (x86)/gnu arm embedded toolchain/10 2021.10/bin/../lib/gcc/arm-none-eabi/10.3.1/../../../../arm-none-eabi/lib\libc_nano.a(lib_a-memset.o)
 .ARM.attributes
                0x00000213       0x2a c:/program files (x86)/gnu arm embedded toolchain/10 2021.10/bin/../lib/gcc/arm-none-eabi/10.3.1/crtend.o
 .ARM.attributes
                0x0000023d       0x1c c:/program files (x86)/gnu arm embedded toolchain/10 2021.10/bin/../lib/gcc/arm-none-eabi/10.3.1/crtn.o

.comment        0x00000000       0x49
 .comment       0x00000000       0x49 out/main.o
                                 0x4a (size before relaxing)
 .comment       0x00000049       0x4a out/function.o
 .comment       0x00000049       0x4a out/system_stm32f10x.o
 .comment       0x00000049       0x4a out/startup_stm32f10x.o
 .comment       0x00000049       0x4a out/syscalls.o

.debug_info     0x00000000     0x1ad4
 .debug_info    0x00000000      0x970 out/main.o
 .debug_info    0x00000970      0x420 out/function.o
 .debug_info    0x00000d90      0x4ea out/system_stm32f10x.o
 .debug_info    0x0000127a      0x85a out/syscalls.o

.debug_abbrev   0x00000000      0x80c
 .debug_abbrev  0x00000000      0x2bb out/main.o
 .debug_abbrev  0x000002bb      0x17d out/function.o
 .debug_abbrev  0x00000438      0x1a8 out/system_stm32f10x.o
 .debug_abbrev  0x000005e0      0x22c out/syscalls.o

.debug_loc      0x00000000      0x6a2
 .debug_loc     0x00000000      0x141 out/main.o
 .debug_loc     0x00000141       0x4a out/function.o
 .debug_loc     0x0000018b       0xd6 out/system_stm32f10x.o
 .debug_loc     0x00000261      0x441 out/syscalls.o

.debug_aranges  0x00000000       0x88
 .debug_aranges
                0x00000000       0x28 out/main.o
 .debug_aranges
                0x00000028       0x20 out/function.o
 .debug_aranges
                0x00000048       0x20 out/system_stm32f10x.o
 .debug_aranges
                0x00000068       0x20 out/syscalls.o

.debug_ranges   0x00000000       0xc8
 .debug_ranges  0x00000000       0x68 out/main.o
 .debug_ranges  0x00000068       0x48 out/system_stm32f10x.o
 .debug_ranges  0x000000b0       0x18 out/syscalls.o

.debug_line     0x00000000      0xeab
 .debug_line    0x00000000      0x534 out/main.o
 .debug_line    0x00000534      0x20c out/function.o
 .debug_line    0x00000740      0x38b out/system_stm32f10x.o
 .debug_line    0x00000acb      0x3e0 out/syscalls.o

.debug_str      0x00000000      0x972
 .debug_str     0x00000000      0x625 out/main.o
                                0x686 (size before relaxing)
 .debug_str     0x00000625       0x38 out/function.o
                                0x2bd (size before relaxing)
 .debug_str     0x0000065d       0xd2 out/system_stm32f10x.o
                                0x2c0 (size before relaxing)
 .debug_str     0x0000072f      0x243 out/syscalls.o
                                0x3d6 (size before relaxing)

.debug_frame    0x00000000      0x3e8
 .debug_frame   0x00000000       0xf0 out/main.o
 .debug_frame   0x000000f0       0x6c out/function.o
 .debug_frame   0x0000015c       0x44 out/system_stm32f10x.o
 .debug_frame   0x000001a0      0x1a8 out/syscalls.o
 .debug_frame   0x00000348       0x20 c:/program files (x86)/gnu arm embedded toolchain/10 2021.10/bin/../lib/gcc/arm-none-eabi/10.3.1/../../../../arm-none-eabi/lib\libc_nano.a(lib_a-errno.o)
 .debug_frame   0x00000368       0x28 c:/program files (x86)/gnu arm embedded toolchain/10 2021.10/bin/../lib/gcc/arm-none-eabi/10.3.1/../../../../arm-none-eabi/lib\libc_nano.a(lib_a-exit.o)
 .debug_frame   0x00000390       0x38 c:/program files (x86)/gnu arm embedded toolchain/10 2021.10/bin/../lib/gcc/arm-none-eabi/10.3.1/../../../../arm-none-eabi/lib\libc_nano.a(lib_a-init.o)
 .debug_frame   0x000003c8       0x20 c:/program files (x86)/gnu arm embedded toolchain/10 2021.10/bin/../lib/gcc/arm-none-eabi/10.3.1/../../../../arm-none-eabi/lib\libc_nano.a(lib_a-memset.o)
